// Jest Snapshot v1, https://goo.gl/fbAQLP

exports[`Table component test Should take snapshot of table 1`] = `
<DocumentFragment>
  <div
    style="overflow-x: auto;"
  >
    <table
      class="table"
      data-testid="table"
      role="table"
    >
      <thead
        class="table__head"
        data-testid="table-head"
      >
        <tr
          class="table__head--row"
          data-testid="table-row"
          role="row"
        >
          <th
            class="table__head--data"
            colspan="1"
            role="columnheader"
          >
            No.
          </th>
          <th
            class="table__head--data"
            colspan="1"
            role="columnheader"
          >
            Phone number
          </th>
          <th
            class="table__head--data"
            colspan="1"
            role="columnheader"
          >
            Agent
          </th>
          <th
            class="table__head--data"
            colspan="1"
            role="columnheader"
          >
            Date
          </th>
          <th
            class="table__head--data"
            colspan="1"
            role="columnheader"
          >
            Time
          </th>
          <th
            class="table__head--data"
            colspan="1"
            role="columnheader"
          >
            Duration
          </th>
          <th
            class="table__head--data"
            colspan="1"
            role="columnheader"
          >
            Resolution
          </th>
          <th
            class="table__head--data"
            colspan="1"
            role="columnheader"
          >
            Calls
          </th>
        </tr>
      </thead>
      <tbody
        class="table__body"
        data-testid="table-body"
        role="rowgroup"
      >
        <tr
          class="table__body--row"
          data-testid="table-row"
          role="row"
        >
          <td
            class="table__body--data"
            role="cell"
          >
            <span>
              0
            </span>
          </td>
          <td
            class="table__body--data"
            role="cell"
          >
            +49151484522
          </td>
          <td
            class="table__body--data"
            role="cell"
          >
            Abraham Ellis
          </td>
          <td
            class="table__body--data"
            role="cell"
          >
            10/07/2021
          </td>
          <td
            class="table__body--data"
            role="cell"
          >
            03:00 PM
          </td>
          <td
            class="table__body--data"
            role="cell"
          >
            3m 9s
          </td>
          <td
            class="table__body--data"
            role="cell"
          >
            needs follow up
          </td>
          <td
            class="table__body--data"
            role="cell"
          >
            13
          </td>
        </tr>
        <tr
          class="table__body--row"
          data-testid="table-row"
          role="row"
        >
          <td
            class="table__body--data"
            role="cell"
          >
            <span>
              1
            </span>
          </td>
          <td
            class="table__body--data"
            role="cell"
          >
            +49151484522
          </td>
          <td
            class="table__body--data"
            role="cell"
          >
            Abraham Ellis
          </td>
          <td
            class="table__body--data"
            role="cell"
          >
            10/07/2021
          </td>
          <td
            class="table__body--data"
            role="cell"
          >
            03:00 PM
          </td>
          <td
            class="table__body--data"
            role="cell"
          >
            3m 9s
          </td>
          <td
            class="table__body--data"
            role="cell"
          >
            needs follow up
          </td>
          <td
            class="table__body--data"
            role="cell"
          >
            13
          </td>
        </tr>
        <tr
          class="table__body--row"
          data-testid="table-row"
          role="row"
        >
          <td
            class="table__body--data"
            role="cell"
          >
            <span>
              2
            </span>
          </td>
          <td
            class="table__body--data"
            role="cell"
          >
            +49151484522
          </td>
          <td
            class="table__body--data"
            role="cell"
          >
            Abraham Ellis
          </td>
          <td
            class="table__body--data"
            role="cell"
          >
            10/07/2021
          </td>
          <td
            class="table__body--data"
            role="cell"
          >
            03:00 PM
          </td>
          <td
            class="table__body--data"
            role="cell"
          >
            3m 9s
          </td>
          <td
            class="table__body--data"
            role="cell"
          >
            needs follow up
          </td>
          <td
            class="table__body--data"
            role="cell"
          >
            13
          </td>
        </tr>
        <tr
          class="table__body--row"
          data-testid="table-row"
          role="row"
        >
          <td
            class="table__body--data"
            role="cell"
          >
            <span>
              3
            </span>
          </td>
          <td
            class="table__body--data"
            role="cell"
          >
            +49151484522
          </td>
          <td
            class="table__body--data"
            role="cell"
          >
            Abraham Ellis
          </td>
          <td
            class="table__body--data"
            role="cell"
          >
            10/07/2021
          </td>
          <td
            class="table__body--data"
            role="cell"
          >
            03:00 PM
          </td>
          <td
            class="table__body--data"
            role="cell"
          >
            3m 9s
          </td>
          <td
            class="table__body--data"
            role="cell"
          >
            needs follow up
          </td>
          <td
            class="table__body--data"
            role="cell"
          >
            13
          </td>
        </tr>
        <tr
          class="table__body--row"
          data-testid="table-row"
          role="row"
        >
          <td
            class="table__body--data"
            role="cell"
          >
            <span>
              4
            </span>
          </td>
          <td
            class="table__body--data"
            role="cell"
          >
            +49151484522
          </td>
          <td
            class="table__body--data"
            role="cell"
          >
            Abraham Ellis
          </td>
          <td
            class="table__body--data"
            role="cell"
          >
            10/07/2021
          </td>
          <td
            class="table__body--data"
            role="cell"
          >
            03:00 PM
          </td>
          <td
            class="table__body--data"
            role="cell"
          >
            3m 9s
          </td>
          <td
            class="table__body--data"
            role="cell"
          >
            needs follow up
          </td>
          <td
            class="table__body--data"
            role="cell"
          >
            13
          </td>
        </tr>
        <tr
          class="table__body--row"
          data-testid="table-row"
          role="row"
        >
          <td
            class="table__body--data"
            role="cell"
          >
            <span>
              5
            </span>
          </td>
          <td
            class="table__body--data"
            role="cell"
          >
            +49151484522
          </td>
          <td
            class="table__body--data"
            role="cell"
          >
            Abraham Ellis
          </td>
          <td
            class="table__body--data"
            role="cell"
          >
            10/07/2021
          </td>
          <td
            class="table__body--data"
            role="cell"
          >
            03:00 PM
          </td>
          <td
            class="table__body--data"
            role="cell"
          >
            3m 9s
          </td>
          <td
            class="table__body--data"
            role="cell"
          >
            needs follow up
          </td>
          <td
            class="table__body--data"
            role="cell"
          >
            13
          </td>
        </tr>
        <tr
          class="table__body--row"
          data-testid="table-row"
          role="row"
        >
          <td
            class="table__body--data"
            role="cell"
          >
            <span>
              6
            </span>
          </td>
          <td
            class="table__body--data"
            role="cell"
          >
            +49151484522
          </td>
          <td
            class="table__body--data"
            role="cell"
          >
            Abraham Ellis
          </td>
          <td
            class="table__body--data"
            role="cell"
          >
            10/07/2021
          </td>
          <td
            class="table__body--data"
            role="cell"
          >
            03:00 PM
          </td>
          <td
            class="table__body--data"
            role="cell"
          >
            3m 9s
          </td>
          <td
            class="table__body--data"
            role="cell"
          >
            needs follow up
          </td>
          <td
            class="table__body--data"
            role="cell"
          >
            13
          </td>
        </tr>
      </tbody>
    </table>
  </div>
</DocumentFragment>
`;
